154.72.171.138 - - [08/Oct/2023:08:32:28 +0200] "GET /assets/images/bg/07.jpg HTTP/2.0" 404 44661 "https://kulmapeck.com/login" "Mozilla/5.0 (Linux; Android 8.1.0; CPH1803 Build/OPM1.171019.026) AppleWebKit/537.36 (KHTML, like Gecko) Chrome/60.0.3112.116 Mobile Safari/537.36 OPR/44.6.2246.127414"
154.72.171.138 - - [08/Oct/2023:08:32:31 +0200] "POST /login HTTP/2.0" 302 644 "https://kulmapeck.com/login" "Mozilla/5.0 (Linux; Android 8.1.0; CPH1803 Build/OPM1.171019.026) AppleWebKit/537.36 (KHTML, like Gecko) Chrome/60.0.3112.116 Mobile Safari/537.36 OPR/44.6.2246.127414"
154.72.171.138 - - [08/Oct/2023:08:32:31 +0200] "GET /home HTTP/2.0" 302 598 "https://kulmapeck.com/login" "Mozilla/5.0 (Linux; Android 8.1.0; CPH1803 Build/OPM1.171019.026) AppleWebKit/537.36 (KHTML, like Gecko) Chrome/60.0.3112.116 Mobile Safari/537.36 OPR/44.6.2246.127414"
154.72.171.138 - - [08/Oct/2023:08:32:31 +0200] "GET /student/home HTTP/2.0" 200 10295 "https://kulmapeck.com/login" "Mozilla/5.0 (Linux; Android 8.1.0; CPH1803 Build/OPM1.171019.026) AppleWebKit/537.36 (KHTML, like Gecko) Chrome/60.0.3112.116 Mobile Safari/537.36 OPR/44.6.2246.127414"
41.202.219.75 - - [08/Oct/2023:08:32:31 +0200] "POST /login HTTP/2.0" 302 644 "https://kulmapeck.com/login" "Mozilla/5.0 (Linux; Android 12; TECNO KI5k) AppleWebKit/537.36 (KHTML, like Gecko) Chrome/105.0.0.0 Mobile Safari/537.36"
154.72.171.138 - - [08/Oct/2023:08:32:32 +0200] "GET /uploads/images/eleves/ HTTP/2.0" 404 44661 "https://kulmapeck.com/student/home" "Mozilla/5.0 (Linux; Android 8.1.0; CPH1803 Build/OPM1.171019.026) AppleWebKit/537.36 (KHTML, like Gecko) Chrome/60.0.3112.116 Mobile Safari/537.36 OPR/44.6.2246.127414"
154.72.171.138 - - [08/Oct/2023:08:32:32 +0200] "GET /student/assets/images/element/01.svg HTTP/2.0" 404 44661 "https://kulmapeck.com/student/home" "Mozilla/5.0 (Linux; Android 8.1.0; CPH1803 Build/OPM1.171019.026) AppleWebKit/537.36 (KHTML, like Gecko) Chrome/60.0.3112.116 Mobile Safari/537.36 OPR/44.6.2246.127414"
41.202.219.75 - - [08/Oct/2023:08:32:32 +0200] "GET /home HTTP/2.0" 302 598 "https://kulmapeck.com/login" "Mozilla/5.0 (Linux; Android 12; TECNO KI5k) AppleWebKit/537.36 (KHTML, like Gecko) Chrome/105.0.0.0 Mobile Safari/537.36"
41.202.219.75 - - [08/Oct/2023:08:32:33 +0200] "GET /student/home HTTP/2.0" 200 10353 "https://kulmapeck.com/login" "Mozilla/5.0 (Linux; Android 12; TECNO KI5k) AppleWebKit/537.36 (KHTML, like Gecko) Chrome/105.0.0.0 Mobile Safari/537.36"
154.72.171.138 - - [08/Oct/2023:08:32:35 +0200] "GET /login HTTP/2.0" 302 558 "https://kulmapeck.com/register?type=student" "Mozilla/5.0 (Linux; Android 8.1.0; CPH1803 Build/OPM1.171019.026) AppleWebKit/537.36 (KHTML, like Gecko) Chrome/60.0.3112.116 Mobile Safari/537.36 OPR/44.6.2246.127414"
41.202.219.75 - - [08/Oct/2023:08:32:39 +0200] "GET /assets/images/avatar/avatar.png HTTP/2.0" 200 7702 "https://kulmapeck.com/student/home" "Mozilla/5.0 (Linux; Android 12; TECNO KI5k) AppleWebKit/537.36 (KHTML, like Gecko) Chrome/105.0.0.0 Mobile Safari/537.36"
41.202.219.75 - - [08/Oct/2023:08:32:39 +0200] "GET /assets/images/pattern/04.png HTTP/2.0" 200 19353 "https://kulmapeck.com/student/home" "Mozilla/5.0 (Linux; Android 12; TECNO KI5k) AppleWebKit/537.36 (KHTML, like Gecko) Chrome/105.0.0.0 Mobile Safari/537.36"
41.202.219.75 - - [08/Oct/2023:08:32:39 +0200] "GET /uploads/images/eleves/ HTTP/2.0" 404 44661 "https://kulmapeck.com/student/home" "Mozilla/5.0 (Linux; Android 12; TECNO KI5k) AppleWebKit/537.36 (KHTML, like Gecko) Chrome/105.0.0.0 Mobile Safari/537.36"
41.202.219.75 - - [08/Oct/2023:08:32:39 +0200] "GET /student/assets/images/element/01.svg HTTP/2.0" 404 44661 "https://kulmapeck.com/student/home" "Mozilla/5.0 (Linux; Android 12; TECNO KI5k) AppleWebKit/537.36 (KHTML, like Gecko) Chrome/105.0.0.0 Mobile Safari/537.36"
154.72.171.138 - - [08/Oct/2023:08:32:50 +0200] "GET /login HTTP/2.0" 302 558 "https://kulmapeck.com/register?type=student" "Mozilla/5.0 (Linux; Android 8.1.0; CPH1803 Build/OPM1.171019.026) AppleWebKit/537.36 (KHTML, like Gecko) Chrome/60.0.3112.116 Mobile Safari/537.36 OPR/44.6.2246.127414"
154.72.171.138 - - [08/Oct/2023:08:32:50 +0200] "GET /home HTTP/2.0" 302 598 "https://kulmapeck.com/register?type=student" "Mozilla/5.0 (Linux; Android 8.1.0; CPH1803 Build/OPM1.171019.026) AppleWebKit/537.36 (KHTML, like Gecko) Chrome/60.0.3112.116 Mobile Safari/537.36 OPR/44.6.2246.127414"
154.72.171.138 - - [08/Oct/2023:08:32:50 +0200] "GET /student/home HTTP/2.0" 200 10295 "https://kulmapeck.com/register?type=student" "Mozilla/5.0 (Linux; Android 8.1.0; CPH1803 Build/OPM1.171019.026) AppleWebKit/537.36 (KHTML, like Gecko) Chrome/60.0.3112.116 Mobile Safari/537.36 OPR/44.6.2246.127414"
154.72.171.138 - - [08/Oct/2023:08:32:51 +0200] "GET /student/assets/images/element/01.svg HTTP/2.0" 404 44661 "https://kulmapeck.com/student/home" "Mozilla/5.0 (Linux; Android 8.1.0; CPH1803 Build/OPM1.171019.026) AppleWebKit/537.36 (KHTML, like Gecko) Chrome/60.0.3112.116 Mobile Safari/537.36 OPR/44.6.2246.127414"
154.72.171.138 - - [08/Oct/2023:08:32:51 +0200] "GET /uploads/images/eleves/ HTTP/2.0" 404 44661 "https://kulmapeck.com/student/home" "Mozilla/5.0 (Linux; Android 8.1.0; CPH1803 Build/OPM1.171019.026) AppleWebKit/537.36 (KHTML, like Gecko) Chrome/60.0.3112.116 Mobile Safari/537.36 OPR/44.6.2246.127414"
41.202.219.66 - - [08/Oct/2023:08:33:09 +0200] "GET /uploads/media/courses/pexels-photo-10376160-64be862f86ecf.jpg HTTP/1.1" 200 64943 "-" "Dart/3.1 (dart:io)"
41.202.219.66 - - [08/Oct/2023:08:33:10 +0200] "GET /uploads/media/courses/pexels-katerina-holmes-5905923-64df71a4e48c7.jpg HTTP/1.1" 200 59158 "-" "Dart/3.1 (dart:io)"
41.202.219.66 - - [08/Oct/2023:08:33:10 +0200] "GET /uploads/media/courses/domenico-loia-EhTcC9sYXsw-unsplash-64c279649baaa.jpg HTTP/1.1" 200 55774 "-" "Dart/3.1 (dart:io)"
41.202.219.66 - - [08/Oct/2023:08:33:10 +0200] "GET /uploads/media/courses/image-3em-64bfe1254abc2.png HTTP/1.1" 200 118381 "-" "Dart/3.1 (dart:io)"
41.202.219.66 - - [08/Oct/2023:08:33:10 +0200] "GET /uploads/media/courses/Desert-64c2799ec7f5f.jpg HTTP/1.1" 200 848492 "-" "Dart/3.1 (dart:io)"
41.202.219.66 - - [08/Oct/2023:08:33:11 +0200] "GET /uploads/media/courses/fly-d-OQptsc4P3NM-unsplash-64c2b3da88a37.jpg HTTP/1.1" 200 61800 "-" "Dart/3.1 (dart:io)"
41.202.219.66 - - [08/Oct/2023:08:33:11 +0200] "GET /uploads/media/courses/Capture-salle-64c29ff0a99ee.png HTTP/1.1" 200 349461 "-" "Dart/3.1 (dart:io)"
41.202.219.66 - - [08/Oct/2023:08:33:18 +0200] "GET /api/personne/67/network HTTP/1.1" 200 6376 "-" "Dart/3.1 (dart:io)"
41.202.219.66 - - [08/Oct/2023:08:33:22 +0200] "GET /uploads/media/courses/image-1-64ff3eb63b816.png HTTP/1.1" 200 54889 "-" "Dart/3.1 (dart:io)"
41.202.219.66 - - [08/Oct/2023:08:33:22 +0200] "GET /uploads/media/courses/images-64cbe663cc17c.jpg HTTP/1.1" 200 67832 "-" "Dart/3.1 (dart:io)"
41.202.219.66 - - [08/Oct/2023:08:33:22 +0200] "GET /uploads/media/courses/images-64ccfcbbb4590.jpg HTTP/1.1" 200 60759 "-" "Dart/3.1 (dart:io)"
41.202.219.66 - - [08/Oct/2023:08:33:23 +0200] "GET /uploads/media/courses/Capture1-64cd187cc42db.png HTTP/1.1" 200 30038 "-" "Dart/3.1 (dart:io)"
41.202.219.66 - - [08/Oct/2023:08:33:24 +0200] "GET /uploads/media/courses/moliere-64cd365d45db7.jpg HTTP/1.1" 200 58805 "-" "Dart/3.1 (dart:io)"
41.202.219.66 - - [08/Oct/2023:08:33:23 +0200] "GET /uploads/media/courses/Capture1-64cd31c004b63.png HTTP/1.1" 200 424387 "-" "Dart/3.1 (dart:io)"
41.202.219.66 - - [08/Oct/2023:08:33:23 +0200] "GET /uploads/media/courses/Chrysanthemum-64cd0559c4ce7.jpg HTTP/1.1" 200 887686 "-" "Dart/3.1 (dart:io)"
41.202.219.66 - - [08/Oct/2023:08:33:25 +0200] "GET /uploads/media/courses/Capture-d-ecran-2023-08-06-171906-64cfcbdbb33fc.png HTTP/1.1" 200 226839 "-" "Dart/3.1 (dart:io)"
41.202.219.66 - - [08/Oct/2023:08:33:25 +0200] "GET /uploads/media/courses/image-3eme1-650771bf00021.png HTTP/1.1" 200 40271 "-" "Dart/3.1 (dart:io)"
41.202.219.66 - - [08/Oct/2023:08:33:26 +0200] "GET /uploads/media/courses/interview-64d1293c8096f.png HTTP/1.1" 200 346203 "-" "Dart/3.1 (dart:io)"
41.202.219.66 - - [08/Oct/2023:08:33:30 +0200] "GET /uploads/media/courses/les-armoiries-64d12b24761d3.png HTTP/1.1" 200 201415 "-" "Dart/3.1 (dart:io)"
154.72.171.138 - - [08/Oct/2023:08:33:36 +0200] "GET /logout HTTP/2.0" 302 878 "https://kulmapeck.com/student/home" "Mozilla/5.0 (Linux; Android 8.1.0; CPH1803 Build/OPM1.171019.026) AppleWebKit/537.36 (KHTML, like Gecko) Chrome/60.0.3112.116 Mobile Safari/537.36 OPR/44.6.2246.127414"
154.72.171.138 - - [08/Oct/2023:08:33:36 +0200] "GET / HTTP/2.0" 200 27658 "https://kulmapeck.com/student/home" "Mozilla/5.0 (Linux; Android 8.1.0; CPH1803 Build/OPM1.171019.026) AppleWebKit/537.36 (KHTML, like Gecko) Chrome/60.0.3112.116 Mobile Safari/537.36 OPR/44.6.2246.127414"
154.72.171.138 - - [08/Oct/2023:08:33:48 +0200] "GET /register?type=student HTTP/2.0" 200 17697 "https://kulmapeck.com/" "Mozilla/5.0 (Linux; Android 8.1.0; CPH1803 Build/OPM1.171019.026) AppleWebKit/537.36 (KHTML, like Gecko) Chrome/60.0.3112.116 Mobile Safari/537.36 OPR/44.6.2246.127414"
41.202.219.66 - - [08/Oct/2023:08:33:49 +0200] "GET /uploads/media/courses/bottles-png-518x350-q85-crop-subsampling-2-upscale-64b977f87b8e8.png HTTP/1.1" 200 231614 "-" "Dart/3.1 (dart:io)"
154.72.171.138 - - [08/Oct/2023:08:34:30 +0200] "GET /register?type=student&invitation=9ZGD9 HTTP/2.0" 200 17776 "-" "Mozilla/5.0 (Linux; Android 8.1.0; CPH1803 Build/OPM1.171019.026) AppleWebKit/537.36 (KHTML, like Gecko) Chrome/60.0.3112.116 Mobile Safari/537.36 OPR/44.6.2246.127414"
41.202.219.66 - - [08/Oct/2023:08:34:35 +0200] "GET /api/nodtifications-student-list HTTP/1.1" 200 6386 "-" "Dart/3.1 (dart:io)"
41.202.219.66 - - [08/Oct/2023:08:34:48 +0200] "GET /api/personne/67/network HTTP/1.1" 200 6376 "-" "Dart/3.1 (dart:io)"
41.202.219.66 - - [08/Oct/2023:08:34:59 +0200] "GET /api/abonnements?page=1 HTTP/1.1" 200 6903 "-" "Dart/3.1 (dart:io)"
41.202.219.66 - - [08/Oct/2023:08:34:59 +0200] "GET /api/abonnements?page=1 HTTP/1.1" 200 6903 "-" "Dart/3.1 (dart:io)"
41.202.219.66 - - [08/Oct/2023:08:35:05 +0200] "GET /api/student/67/courses HTTP/1.1" 200 14690 "-" "Dart/3.1 (dart:io)"
41.202.219.66 - - [08/Oct/2023:08:35:10 +0200] "GET /uploads/media/courses/fly-d-OQptsc4P3NM-unsplash-64c2b3da88a37.jpg HTTP/1.1" 200 61800 "-" "Dart/3.1 (dart:io)"
41.202.219.66 - - [08/Oct/2023:08:35:10 +0200] "GET /uploads/media/courses/image-1-64ff3eb63b816.png HTTP/1.1" 200 54889 "-" "Dart/3.1 (dart:io)"
41.202.219.66 - - [08/Oct/2023:08:35:10 +0200] "GET /uploads/media/courses/images-64cbe663cc17c.jpg HTTP/1.1" 200 67832 "-" "Dart/3.1 (dart:io)"
41.202.219.66 - - [08/Oct/2023:08:35:10 +0200] "GET /uploads/media/courses/images-64ccfcbbb4590.jpg HTTP/1.1" 200 60759 "-" "Dart/3.1 (dart:io)"
41.202.219.66 - - [08/Oct/2023:08:35:11 +0200] "GET /uploads/media/courses/Capture1-64cd187cc42db.png HTTP/1.1" 200 35691 "-" "Dart/3.1 (dart:io)"
41.202.219.66 - - [08/Oct/2023:08:35:12 +0200] "GET /uploads/media/courses/moliere-64cd365d45db7.jpg HTTP/1.1" 200 58805 "-" "Dart/3.1 (dart:io)"
41.202.219.66 - - [08/Oct/2023:08:35:11 +0200] "GET /uploads/media/courses/Chrysanthemum-64cd0559c4ce7.jpg HTTP/1.1" 200 887686 "-" "Dart/3.1 (dart:io)"
41.202.219.66 - - [08/Oct/2023:08:35:11 +0200] "GET /uploads/media/courses/Capture1-64cd31c004b63.png HTTP/1.1" 200 424387 "-" "Dart/3.1 (dart:io)"
41.202.219.66 - - [08/Oct/2023:08:35:13 +0200] "GET /uploads/media/courses/image-3eme1-650771bf00021.png HTTP/1.1" 200 40271 "-" "Dart/3.1 (dart:io)"
41.202.219.66 - - [08/Oct/2023:08:35:13 +0200] "GET /uploads/media/courses/Capture-d-ecran-2023-08-06-171906-64cfcbdbb33fc.png HTTP/1.1" 200 226839 "-" "Dart/3.1 (dart:io)"
41.202.219.66 - - [08/Oct/2023:08:35:13 +0200] "GET /uploads/media/courses/interview-64d1293c8096f.png HTTP/1.1" 200 346203 "-" "Dart/3.1 (dart:io)"
41.202.219.66 - - [08/Oct/2023:08:35:13 +0200] "GET /uploads/media/courses/les-armoiries-64d12b24761d3.png HTTP/1.1" 200 201415 "-" "Dart/3.1 (dart:io)"
41.202.219.66 - - [08/Oct/2023:08:35:39 +0200] "GET /assets/vendor/choices/css/choices.min.css HTTP/2.0" 200 2172 "https://kulmapeck.com/student/network" "Mozilla/5.0 (Linux; Android 12; Infinix X6516) AppleWebKit/537.36 (KHTML, like Gecko) Chrome/105.0.0.0 Mobile Safari/537.36"
41.202.219.66 - - [08/Oct/2023:08:35:39 +0200] "GET /assets/vendor/aos/aos.css HTTP/2.0" 200 2462 "https://kulmapeck.com/student/network" "Mozilla/5.0 (Linux; Android 12; Infinix X6516) AppleWebKit/537.36 (KHTML, like Gecko) Chrome/105.0.0.0 Mobile Safari/537.36"
41.202.219.66 - - [08/Oct/2023:08:35:39 +0200] "GET /assets/vendor/plyr/plyr.css HTTP/2.0" 200 5459 "https://kulmapeck.com/student/network" "Mozilla/5.0 (Linux; Android 12; Infinix X6516) AppleWebKit/537.36 (KHTML, like Gecko) Chrome/105.0.0.0 Mobile Safari/537.36"
41.202.219.66 - - [08/Oct/2023:08:35:39 +0200] "GET /assets/vendor/purecounterjs/dist/purecounter_vanilla.js HTTP/2.0" 200 1630 "https://kulmapeck.com/student/network" "Mozilla/5.0 (Linux; Android 12; Infinix X6516) AppleWebKit/537.36 (KHTML, like Gecko) Chrome/105.0.0.0 Mobile Safari/537.36"
41.202.219.66 - - [08/Oct/2023:08:35:39 +0200] "GET /assets/vendor/aos/aos.js HTTP/2.0" 200 4946 "https://kulmapeck.com/student/network" "Mozilla/5.0 (Linux; Android 12; Infinix X6516) AppleWebKit/537.36 (KHTML, like Gecko) Chrome/105.0.0.0 Mobile Safari/537.36"
41.202.219.66 - - [08/Oct/2023:08:35:39 +0200] "GET /assets/images/logo.svg HTTP/2.0" 304 144 "https://kulmapeck.com/student/network" "Mozilla/5.0 (Linux; Android 12; Infinix X6516) AppleWebKit/537.36 (KHTML, like Gecko) Chrome/105.0.0.0 Mobile Safari/537.36"
41.202.219.66 - - [08/Oct/2023:08:35:39 +0200] "GET /assets/images/logo-light.svg HTTP/2.0" 304 144 "https://kulmapeck.com/student/network" "Mozilla/5.0 (Linux; Android 12; Infinix X6516) AppleWebKit/537.36 (KHTML, like Gecko) Chrome/105.0.0.0 Mobile Safari/537.36"
41.202.219.66 - - [08/Oct/2023:08:35:39 +0200] "GET /assets/images/avatar/avatar.png HTTP/2.0" 304 144 "https://kulmapeck.com/student/network" "Mozilla/5.0 (Linux; Android 12; Infinix X6516) AppleWebKit/537.36 (KHTML, like Gecko) Chrome/105.0.0.0 Mobile Safari/537.36"
41.202.219.66 - - [08/Oct/2023:08:35:39 +0200] "GET /uploads/images/eleves/ HTTP/2.0" 404 44747 "https://kulmapeck.com/student/network" "Mozilla/5.0 (Linux; Android 12; Infinix X6516) AppleWebKit/537.36 (KHTML, like Gecko) Chrome/105.0.0.0 Mobile Safari/537.36"
41.202.219.66 - - [08/Oct/2023:08:35:39 +0200] "GET /student/assets/images/element/01.svg HTTP/2.0" 404 44747 "https://kulmapeck.com/student/network" "Mozilla/5.0 (Linux; Android 12; Infinix X6516) AppleWebKit/537.36 (KHTML, like Gecko) Chrome/105.0.0.0 Mobile Safari/537.36"
41.202.219.66 - - [08/Oct/2023:08:35:40 +0200] "GET /assets/images/avatar/prof-avatar.jpg HTTP/2.0" 304 145 "https://kulmapeck.com/student/network" "Mozilla/5.0 (Linux; Android 12; Infinix X6516) AppleWebKit/537.36 (KHTML, like Gecko) Chrome/105.0.0.0 Mobile Safari/537.36"
41.202.219.66 - - [08/Oct/2023:08:35:40 +0200] "GET /assets/images/avatar/eleve-avatar.jpg HTTP/2.0" 304 144 "https://kulmapeck.com/student/network" "Mozilla/5.0 (Linux; Android 12; Infinix X6516) AppleWebKit/537.36 (KHTML, like Gecko) Chrome/105.0.0.0 Mobile Safari/537.36"
41.202.219.66 - - [08/Oct/2023:08:35:40 +0200] "GET /assets/vendor/bootstrap-icons/fonts/bootstrap-iconsbf04.woff2?24e3eb84d0bcaf83d77f904c78ac1f47 HTTP/2.0" 304 145 "https://kulmapeck.com/assets/vendor/bootstrap-icons/bootstrap-icons.css" "Mozilla/5.0 (Linux; Android 12; Infinix X6516) AppleWebKit/537.36 (KHTML, like Gecko) Chrome/105.0.0.0 Mobile Safari/537.36"
41.202.219.66 - - [08/Oct/2023:08:35:40 +0200] "GET /assets/vendor/font-awesome/webfonts/fa-brands-400.woff2 HTTP/2.0" 304 145 "https://kulmapeck.com/assets/vendor/font-awesome/css/all.min.css" "Mozilla/5.0 (Linux; Android 12; Infinix X6516) AppleWebKit/537.36 (KHTML, like Gecko) Chrome/105.0.0.0 Mobile Safari/537.36"
41.202.219.66 - - [08/Oct/2023:08:35:40 +0200] "GET /assets/images/pattern/04.png HTTP/2.0" 304 144 "https://kulmapeck.com/student/network" "Mozilla/5.0 (Linux; Android 12; Infinix X6516) AppleWebKit/537.36 (KHTML, like Gecko) Chrome/105.0.0.0 Mobile Safari/537.36"
41.202.219.66 - - [08/Oct/2023:08:35:40 +0200] "GET /assets/vendor/font-awesome/webfonts/fa-solid-900.woff2 HTTP/2.0" 304 145 "https://kulmapeck.com/assets/vendor/font-awesome/css/all.min.css" "Mozilla/5.0 (Linux; Android 12; Infinix X6516) AppleWebKit/537.36 (KHTML, like Gecko) Chrome/105.0.0.0 Mobile Safari/537.36"
41.202.219.75 - - [08/Oct/2023:08:35:46 +0200] "GET /subscriptions-plans HTTP/2.0" 200 10890 "https://kulmapeck.com/student/home" "Mozilla/5.0 (Linux; Android 12; TECNO KI5k) AppleWebKit/537.36 (KHTML, like Gecko) Chrome/105.0.0.0 Mobile Safari/537.36"
41.202.219.66 - - [08/Oct/2023:08:35:54 +0200] "GET /student/network HTTP/2.0" 302 563 "https://kulmapeck.com/student/network" "Mozilla/5.0 (Linux; Android 12; Infinix X6516) AppleWebKit/537.36 (KHTML, like Gecko) Chrome/105.0.0.0 Mobile Safari/537.36"
41.202.219.66 - - [08/Oct/2023:08:35:54 +0200] "GET /login HTTP/2.0" 200 10091 "https://kulmapeck.com/student/network" "Mozilla/5.0 (Linux; Android 12; Infinix X6516) AppleWebKit/537.36 (KHTML, like Gecko) Chrome/105.0.0.0 Mobile Safari/537.36"
41.202.219.66 - - [08/Oct/2023:08:35:55 +0200] "GET /assets/images/bg/07.jpg HTTP/2.0" 404 44661 "https://kulmapeck.com/login" "Mozilla/5.0 (Linux; Android 12; Infinix X6516) AppleWebKit/537.36 (KHTML, like Gecko) Chrome/105.0.0.0 Mobile Safari/537.36"
41.202.219.66 - - [08/Oct/2023:08:36:00 +0200] "POST /login HTTP/2.0" 302 681 "https://kulmapeck.com/login" "Mozilla/5.0 (Linux; Android 12; Infinix X6516) AppleWebKit/537.36 (KHTML, like Gecko) Chrome/105.0.0.0 Mobile Safari/537.36"
41.202.219.66 - - [08/Oct/2023:08:36:01 +0200] "GET /login HTTP/2.0" 200 10133 "https://kulmapeck.com/login" "Mozilla/5.0 (Linux; Android 12; Infinix X6516) AppleWebKit/537.36 (KHTML, like Gecko) Chrome/105.0.0.0 Mobile Safari/537.36"
41.202.219.66 - - [08/Oct/2023:08:36:01 +0200] "GET /assets/images/bg/07.jpg HTTP/2.0" 404 44661 "https://kulmapeck.com/login" "Mozilla/5.0 (Linux; Android 12; Infinix X6516) AppleWebKit/537.36 (KHTML, like Gecko) Chrome/105.0.0.0 Mobile Safari/537.36"
41.202.219.66 - - [08/Oct/2023:08:36:20 +0200] "POST /login HTTP/2.0" 302 804 "https://kulmapeck.com/login" "Mozilla/5.0 (Linux; Android 12; Infinix X6516) AppleWebKit/537.36 (KHTML, like Gecko) Chrome/105.0.0.0 Mobile Safari/537.36"
41.202.219.66 - - [08/Oct/2023:08:36:21 +0200] "GET /student/network HTTP/2.0" 200 10551 "https://kulmapeck.com/login" "Mozilla/5.0 (Linux; Android 12; Infinix X6516) AppleWebKit/537.36 (KHTML, like Gecko) Chrome/105.0.0.0 Mobile Safari/537.36"
41.202.219.66 - - [08/Oct/2023:08:36:22 +0200] "GET /uploads/images/eleves/ HTTP/2.0" 404 44661 "https://kulmapeck.com/student/network" "Mozilla/5.0 (Linux; Android 12; Infinix X6516) AppleWebKit/537.36 (KHTML, like Gecko) Chrome/105.0.0.0 Mobile Safari/537.36"
41.202.219.66 - - [08/Oct/2023:08:36:22 +0200] "GET /student/assets/images/element/01.svg HTTP/2.0" 404 44661 "https://kulmapeck.com/student/network" "Mozilla/5.0 (Linux; Android 12; Infinix X6516) AppleWebKit/537.36 (KHTML, like Gecko) Chrome/105.0.0.0 Mobile Safari/537.36"
41.202.219.66 - - [08/Oct/2023:08:36:28 +0200] "GET /student/network HTTP/2.0" 200 10551 "https://kulmapeck.com/student/network" "Mozilla/5.0 (Linux; Android 12; Infinix X6516) AppleWebKit/537.36 (KHTML, like Gecko) Chrome/105.0.0.0 Mobile Safari/537.36"
41.202.219.66 - - [08/Oct/2023:08:36:28 +0200] "GET /uploads/images/eleves/ HTTP/2.0" 404 44661 "https://kulmapeck.com/student/network" "Mozilla/5.0 (Linux; Android 12; Infinix X6516) AppleWebKit/537.36 (KHTML, like Gecko) Chrome/105.0.0.0 Mobile Safari/537.36"
41.202.219.66 - - [08/Oct/2023:08:36:29 +0200] "GET /student/assets/images/element/01.svg HTTP/2.0" 404 44661 "https://kulmapeck.com/student/network" "Mozilla/5.0 (Linux; Android 12; Infinix X6516) AppleWebKit/537.36 (KHTML, like Gecko) Chrome/105.0.0.0 Mobile Safari/537.36"
41.202.219.75 - - [08/Oct/2023:08:36:35 +0200] "GET /verify/email?expires=1696750066&id=487&signature=wzJpeWDOUF8c7kWqrn3QXeoWlnAkK5NfyQTLacqqd8U%3D&token=s%2FpT5VBud3HqNJwxGqKPxl2zajG2pHA15t1aUB%2F4ZGw%3D HTTP/2.0" 302 738 "android-app://com.google.android.gm/" "Mozilla/5.0 (Linux; Android 12; TECNO KI5k) AppleWebKit/537.36 (KHTML, like Gecko) Chrome/105.0.0.0 Mobile Safari/537.36"
41.202.219.75 - - [08/Oct/2023:08:36:35 +0200] "GET /registration/success?activated=activated HTTP/2.0" 200 9920 "android-app://com.google.android.gm/" "Mozilla/5.0 (Linux; Android 12; TECNO KI5k) AppleWebKit/537.36 (KHTML, like Gecko) Chrome/105.0.0.0 Mobile Safari/537.36"
41.202.219.75 - - [08/Oct/2023:08:36:36 +0200] "GET /registration/assets/images/element/01.svg HTTP/2.0" 404 44661 "https://kulmapeck.com/registration/success?activated=activated" "Mozilla/5.0 (Linux; Android 12; TECNO KI5k) AppleWebKit/537.36 (KHTML, like Gecko) Chrome/105.0.0.0 Mobile Safari/537.36"
41.202.219.75 - - [08/Oct/2023:08:36:43 +0200] "GET /exams HTTP/2.0" 200 14846 "https://kulmapeck.com/registration/success?activated=activated" "Mozilla/5.0 (Linux; Android 12; TECNO KI5k) AppleWebKit/537.36 (KHTML, like Gecko) Chrome/105.0.0.0 Mobile Safari/537.36"
41.202.219.66 - - [08/Oct/2023:08:36:55 +0200] "GET /reset-password HTTP/2.0" 200 9883 "-" "Mozilla/5.0 (Linux; Android 12; Infinix X6516 Build/SP1A.210812.001; wv) AppleWebKit/537.36 (KHTML, like Gecko) Version/4.0 Chrome/105.0.5195.136 Mobile Safari/537.36"
41.202.219.66 - - [08/Oct/2023:08:36:56 +0200] "GET /assets/images/bg/07.jpg HTTP/2.0" 404 44661 "https://kulmapeck.com/reset-password" "Mozilla/5.0 (Linux; Android 12; Infinix X6516 Build/SP1A.210812.001; wv) AppleWebKit/537.36 (KHTML, like Gecko) Version/4.0 Chrome/105.0.5195.136 Mobile Safari/537.36"
41.202.219.75 - - [08/Oct/2023:08:36:58 +0200] "GET /courses HTTP/2.0" 200 15112 "https://kulmapeck.com/exams" "Mozilla/5.0 (Linux; Android 12; TECNO KI5k) AppleWebKit/537.36 (KHTML, like Gecko) Chrome/105.0.0.0 Mobile Safari/537.36"
41.202.219.66 - - [08/Oct/2023:08:37:08 +0200] "GET /register?type=student HTTP/2.0" 200 17685 "-" "Mozilla/5.0 (Linux; Android 12; Infinix X6516 Build/SP1A.210812.001; wv) AppleWebKit/537.36 (KHTML, like Gecko) Version/4.0 Chrome/105.0.5195.136 Mobile Safari/537.36"
41.202.219.75 - - [08/Oct/2023:08:37:17 +0200] "GET /courses/1690466660-INFORMATIQUE-EN-3eme/details HTTP/2.0" 200 17108 "https://kulmapeck.com/courses" "Mozilla/5.0 (Linux; Android 12; TECNO KI5k) AppleWebKit/537.36 (KHTML, like Gecko) Chrome/105.0.0.0 Mobile Safari/537.36"
41.202.219.75 - - [08/Oct/2023:08:37:17 +0200] "GET /courses/1690466660-INFORMATIQUE-EN-3eme/details HTTP/2.0" 200 17108 "https://kulmapeck.com/courses" "Mozilla/5.0 (Linux; Android 12; TECNO KI5k) AppleWebKit/537.36 (KHTML, like Gecko) Chrome/105.0.0.0 Mobile Safari/537.36"
41.202.219.75 - - [08/Oct/2023:08:37:17 +0200] "GET /uploads/media/courses/s1330i1-6517239f4b18f.png HTTP/2.0" 200 54221 "https://kulmapeck.com/courses/1690466660-INFORMATIQUE-EN-3eme/details" "Mozilla/5.0 (Linux; Android 12; TECNO KI5k) AppleWebKit/537.36 (KHTML, like Gecko) Chrome/105.0.0.0 Mobile Safari/537.36"
41.202.219.75 - - [08/Oct/2023:08:37:17 +0200] "GET /uploads/images/enseignants/kyc/WhatsApp-Image-2023-09-02-at-06-49-56-64f5ab28c4814.jpg HTTP/2.0" 200 474454 "https://kulmapeck.com/courses/1690466660-INFORMATIQUE-EN-3eme/details" "Mozilla/5.0 (Linux; Android 12; TECNO KI5k) AppleWebKit/537.36 (KHTML, like Gecko) Chrome/105.0.0.0 Mobile Safari/537.36"
41.202.219.75 - - [08/Oct/2023:08:37:18 +0200] "GET /uploads/media/courses/cameroun-map-prov-6505793fc914c.gif HTTP/2.0" 200 185690 "https://kulmapeck.com/courses/1690466660-INFORMATIQUE-EN-3eme/details" "Mozilla/5.0 (Linux; Android 12; TECNO KI5k) AppleWebKit/537.36 (KHTML, like Gecko) Chrome/105.0.0.0 Mobile Safari/537.36"
41.202.219.75 - - [08/Oct/2023:08:37:18 +0200] "GET /uploads/media/courses/istockphoto-494161718-1024x1024-650f50d567858.jpg HTTP/2.0" 200 97622 "https://kulmapeck.com/courses/1690466660-INFORMATIQUE-EN-3eme/details" "Mozilla/5.0 (Linux; Android 12; TECNO KI5k) AppleWebKit/537.36 (KHTML, like Gecko) Chrome/105.0.0.0 Mobile Safari/537.36"
41.202.219.75 - - [08/Oct/2023:08:37:18 +0200] "GET /uploads/images/enseignants/kyc/WhatsApp-Image-2023-07-14-at-16-11-23-64b16d2679869.jpg HTTP/2.0" 200 50427 "https://kulmapeck.com/courses/1690466660-INFORMATIQUE-EN-3eme/details" "Mozilla/5.0 (Linux; Android 12; TECNO KI5k) AppleWebKit/537.36 (KHTML, like Gecko) Chrome/105.0.0.0 Mobile Safari/537.36"
41.202.219.75 - - [08/Oct/2023:08:37:18 +0200] "GET /uploads/media/courses/REACTION-BIURET-64f07662c644f.png HTTP/2.0" 200 45817 "https://kulmapeck.com/courses/1690466660-INFORMATIQUE-EN-3eme/details" "Mozilla/5.0 (Linux; Android 12; TECNO KI5k) AppleWebKit/537.36 (KHTML, like Gecko) Chrome/105.0.0.0 Mobile Safari/537.36"
41.202.219.75 - - [08/Oct/2023:08:37:18 +0200] "GET /uploads/images/enseignants/kyc/WhatsApp-Image-2023-07-18-at-11-17-18-64b94e4782cf9.jpg HTTP/2.0" 200 30801 "https://kulmapeck.com/courses/1690466660-INFORMATIQUE-EN-3eme/details" "Mozilla/5.0 (Linux; Android 12; TECNO KI5k) AppleWebKit/537.36 (KHTML, like Gecko) Chrome/105.0.0.0 Mobile Safari/537.36"
41.202.219.75 - - [08/Oct/2023:08:37:18 +0200] "GET /uploads/media/courses/image-2-650774370a471.png HTTP/2.0" 200 34148 "https://kulmapeck.com/courses/1690466660-INFORMATIQUE-EN-3eme/details" "Mozilla/5.0 (Linux; Android 12; TECNO KI5k) AppleWebKit/537.36 (KHTML, like Gecko) Chrome/105.0.0.0 Mobile Safari/537.36"
41.202.219.75 - - [08/Oct/2023:08:37:18 +0200] "GET /uploads/images/enseignants/kyc/20230712-170306-64b0057f904b4.jpg HTTP/2.0" 200 1467203 "https://kulmapeck.com/courses/1690466660-INFORMATIQUE-EN-3eme/details" "Mozilla/5.0 (Linux; Android 12; TECNO KI5k) AppleWebKit/537.36 (KHTML, like Gecko) Chrome/105.0.0.0 Mobile Safari/537.36"
41.202.219.75 - - [08/Oct/2023:08:37:18 +0200] "GET /uploads/media/courses/7-mitose-64ff31dcd72f1.png HTTP/2.0" 200 128352 "https://kulmapeck.com/courses/1690466660-INFORMATIQUE-EN-3eme/details" "Mozilla/5.0 (Linux; Android 12; TECNO KI5k) AppleWebKit/537.36 (KHTML, like Gecko) Chrome/105.0.0.0 Mobile Safari/537.36"
41.202.219.75 - - [08/Oct/2023:08:37:18 +0200] "GET /uploads/images/enseignants/kyc/WhatsApp-Image-2023-07-14-at-17-35-24-1-64b5314060ec6.jpg HTTP/2.0" 200 38835 "https://kulmapeck.com/courses/1690466660-INFORMATIQUE-EN-3eme/details" "Mozilla/5.0 (Linux; Android 12; TECNO KI5k) AppleWebKit/537.36 (KHTML, like Gecko) Chrome/105.0.0.0 Mobile Safari/537.36"
41.202.219.75 - - [08/Oct/2023:08:37:18 +0200] "GET /uploads/media/courses/Capture-neurone-6500826168e97.png HTTP/2.0" 200 365167 "https://kulmapeck.com/courses/1690466660-INFORMATIQUE-EN-3eme/details" "Mozilla/5.0 (Linux; Android 12; TECNO KI5k) AppleWebKit/537.36 (KHTML, like Gecko) Chrome/105.0.0.0 Mobile Safari/537.36"
41.202.219.75 - - [08/Oct/2023:08:37:18 +0200] "GET /uploads/media/courses/Capture-LECTURE-6500a49c7cb8d.png HTTP/2.0" 200 370092 "https://kulmapeck.com/courses/1690466660-INFORMATIQUE-EN-3eme/details" "Mozilla/5.0 (Linux; Android 12; TECNO KI5k) AppleWebKit/537.36 (KHTML, like Gecko) Chrome/105.0.0.0 Mobile Safari/537.36"
41.202.219.75 - - [08/Oct/2023:08:37:18 +0200] "GET /uploads/images/enseignants/kyc/WhatsApp-Image-2023-07-13-at-15-45-08-1-64b199b7a96e0.jpg HTTP/2.0" 200 36214 "https://kulmapeck.com/courses/1690466660-INFORMATIQUE-EN-3eme/details" "Mozilla/5.0 (Linux; Android 12; TECNO KI5k) AppleWebKit/537.36 (KHTML, like Gecko) Chrome/105.0.0.0 Mobile Safari/537.36"
41.202.219.75 - - [08/Oct/2023:08:37:18 +0200] "GET /courses/1690466660-INFORMATIQUE-EN-3eme/assets/images/element/01.svg HTTP/2.0" 404 44661 "https://kulmapeck.com/courses/1690466660-INFORMATIQUE-EN-3eme/details" "Mozilla/5.0 (Linux; Android 12; TECNO KI5k) AppleWebKit/537.36 (KHTML, like Gecko) Chrome/105.0.0.0 Mobile Safari/537.36"
41.202.219.66 - - [08/Oct/2023:08:38:16 +0200] "GET /student/payment-list HTTP/2.0" 200 10704 "https://kulmapeck.com/student/network" "Mozilla/5.0 (Linux; Android 12; Infinix X6516) AppleWebKit/537.36 (KHTML, like Gecko) Chrome/105.0.0.0 Mobile Safari/537.36"
41.202.219.66 - - [08/Oct/2023:08:38:17 +0200] "GET /uploads/images/eleves/ HTTP/2.0" 404 44661 "https://kulmapeck.com/student/payment-list" "Mozilla/5.0 (Linux; Android 12; Infinix X6516) AppleWebKit/537.36 (KHTML, like Gecko) Chrome/105.0.0.0 Mobile Safari/537.36"
41.202.219.66 - - [08/Oct/2023:08:38:17 +0200] "GET /student/assets/images/element/01.svg HTTP/2.0" 404 44661 "https://kulmapeck.com/student/payment-list" "Mozilla/5.0 (Linux; Android 12; Infinix X6516) AppleWebKit/537.36 (KHTML, like Gecko) Chrome/105.0.0.0 Mobile Safari/537.36"
41.202.219.66 - - [08/Oct/2023:08:38:24 +0200] "GET /student/network HTTP/2.0" 200 10551 "https://kulmapeck.com/student/payment-list" "Mozilla/5.0 (Linux; Android 12; Infinix X6516) AppleWebKit/537.36 (KHTML, like Gecko) Chrome/105.0.0.0 Mobile Safari/537.36"
41.202.219.66 - - [08/Oct/2023:08:38:25 +0200] "GET /uploads/images/eleves/ HTTP/2.0" 404 44661 "https://kulmapeck.com/student/network" "Mozilla/5.0 (Linux; Android 12; Infinix X6516) AppleWebKit/537.36 (KHTML, like Gecko) Chrome/105.0.0.0 Mobile Safari/537.36"
41.202.219.66 - - [08/Oct/2023:08:38:25 +0200] "GET /student/assets/images/element/01.svg HTTP/2.0" 404 44661 "https://kulmapeck.com/student/network" "Mozilla/5.0 (Linux; Android 12; Infinix X6516) AppleWebKit/537.36 (KHTML, like Gecko) Chrome/105.0.0.0 Mobile Safari/537.36"
154.72.171.138 - - [08/Oct/2023:08:38:39 +0200] "POST /register?type=student&invitation=9ZGD9 HTTP/2.0" 200 17886 "https://kulmapeck.com/register?type=student&invitation=9ZGD9" "Mozilla/5.0 (Linux; Android 8.1.0; CPH1803 Build/OPM1.171019.026) AppleWebKit/537.36 (KHTML, like Gecko) Chrome/60.0.3112.116 Mobile Safari/537.36 OPR/44.6.2246.127414"
154.72.171.138 - - [08/Oct/2023:08:39:23 +0200] "POST /register?type=student&invitation=9ZGD9 HTTP/2.0" 200 17894 "https://kulmapeck.com/register?type=student&invitation=9ZGD9" "Mozilla/5.0 (Linux; Android 8.1.0; CPH1803 Build/OPM1.171019.026) AppleWebKit/537.36 (KHTML, like Gecko) Chrome/60.0.3112.116 Mobile Safari/537.36 OPR/44.6.2246.127414"
41.202.219.66 - - [08/Oct/2023:08:39:36 +0200] "POST /api/login HTTP/1.1" 200 6786 "-" "Dart/3.1 (dart:io)"
41.202.219.66 - - [08/Oct/2023:08:39:38 +0200] "GET /api/me HTTP/1.1" 200 8039 "-" "Dart/3.1 (dart:io)"
41.202.219.66 - - [08/Oct/2023:08:39:38 +0200] "GET /api/categories HTTP/1.1" 200 7864 "-" "Dart/3.1 (dart:io)"
41.202.219.66 - - [08/Oct/2023:08:39:38 +0200] "GET /api/cours?page=1&itemsPerPage=20&isPublished=true&isValidated=true HTTP/1.1" 200 42720 "-" "Dart/3.1 (dart:io)"
41.202.219.66 - - [08/Oct/2023:08:39:39 +0200] "GET /uploads/media/courses/bottles-png-518x350-q85-crop-subsampling-2-upscale-64b977f87b8e8.png HTTP/1.1" 200 231614 "-" "Dart/3.1 (dart:io)"
41.202.219.66 - - [08/Oct/2023:08:39:39 +0200] "GET /uploads/media/courses/Capture-SPERMAPH-6504607cb17a3.png HTTP/1.1" 200 389109 "-" "Dart/3.1 (dart:io)"
41.202.219.66 - - [08/Oct/2023:08:40:17 +0200] "POST /api/login HTTP/1.1" 200 6786 "-" "Dart/3.1 (dart:io)"
41.202.219.66 - - [08/Oct/2023:08:40:19 +0200] "GET /api/me HTTP/1.1" 200 8030 "-" "Dart/3.1 (dart:io)"
41.202.219.66 - - [08/Oct/2023:08:40:19 +0200] "GET /api/categories HTTP/1.1" 200 7864 "-" "Dart/3.1 (dart:io)"
41.202.219.66 - - [08/Oct/2023:08:40:19 +0200] "GET /api/cours?page=1&itemsPerPage=20&isPublished=true&isValidated=true HTTP/1.1" 200 42720 "-" "Dart/3.1 (dart:io)"
41.202.219.66 - - [08/Oct/2023:08:40:19 +0200] "GET /api/categories HTTP/1.1" 200 7864 "-" "Dart/3.1 (dart:io)"
41.202.219.66 - - [08/Oct/2023:08:40:19 +0200] "GET /api/categories HTTP/1.1" 200 7864 "-" "Dart/3.1 (dart:io)"
41.202.219.66 - - [08/Oct/2023:08:40:19 +0200] "GET /api/categories HTTP/1.1" 200 7864 "-" "Dart/3.1 (dart:io)"
41.202.219.66 - - [08/Oct/2023:08:40:19 +0200] "GET /api/categories HTTP/1.1" 200 7864 "-" "Dart/3.1 (dart:io)"
41.202.219.66 - - [08/Oct/2023:08:40:20 +0200] "GET /uploads/media/courses/bottles-png-518x350-q85-crop-subsampling-2-upscale-64b977f87b8e8.png HTTP/1.1" 200 231614 "-" "Dart/3.1 (dart:io)"
41.202.219.66 - - [08/Oct/2023:08:40:20 +0200] "GET /uploads/media/courses/Capture-SPERMAPH-6504607cb17a3.png HTTP/1.1" 200 389109 "-" "Dart/3.1 (dart:io)"
41.202.219.66 - - [08/Oct/2023:08:40:23 +0200] "GET /uploads/media/courses/pexels-photo-10376160-64be862f86ecf.jpg HTTP/1.1" 200 59290 "-" "Dart/3.1 (dart:io)"
41.202.219.66 - - [08/Oct/2023:08:40:23 +0200] "GET /uploads/media/courses/pexels-katerina-holmes-5905923-64df71a4e48c7.jpg HTTP/1.1" 200 53505 "-" "Dart/3.1 (dart:io)"
41.202.219.66 - - [08/Oct/2023:08:40:23 +0200] "GET /uploads/media/courses/image-3em-64bfe1254abc2.png HTTP/1.1" 200 112728 "-" "Dart/3.1 (dart:io)"
41.202.219.66 - - [08/Oct/2023:08:40:23 +0200] "GET /uploads/media/courses/domenico-loia-EhTcC9sYXsw-unsplash-64c279649baaa.jpg HTTP/1.1" 200 50121 "-" "Dart/3.1 (dart:io)"
41.202.219.66 - - [08/Oct/2023:08:40:24 +0200] "GET /uploads/media/courses/fly-d-OQptsc4P3NM-unsplash-64c2b3da88a37.jpg HTTP/1.1" 200 56147 "-" "Dart/3.1 (dart:io)"
41.202.219.66 - - [08/Oct/2023:08:40:24 +0200] "GET /uploads/media/courses/Capture-salle-64c29ff0a99ee.png HTTP/1.1" 200 343808 "-" "Dart/3.1 (dart:io)"
41.202.219.66 - - [08/Oct/2023:08:40:25 +0200] "GET /uploads/media/courses/image-1-64ff3eb63b816.png HTTP/1.1" 200 49236 "-" "Dart/3.1 (dart:io)"
41.202.219.66 - - [08/Oct/2023:08:40:25 +0200] "GET /uploads/media/courses/images-64cbe663cc17c.jpg HTTP/1.1" 200 62179 "-" "Dart/3.1 (dart:io)"
41.202.219.66 - - [08/Oct/2023:08:40:24 +0200] "GET /uploads/media/courses/Desert-64c2799ec7f5f.jpg HTTP/1.1" 200 854145 "-" "Dart/3.1 (dart:io)"
41.202.219.66 - - [08/Oct/2023:08:40:26 +0200] "GET /uploads/media/courses/images-64ccfcbbb4590.jpg HTTP/1.1" 200 60759 "-" "Dart/3.1 (dart:io)"
41.202.219.66 - - [08/Oct/2023:08:40:26 +0200] "GET /uploads/media/courses/Chrysanthemum-64cd0559c4ce7.jpg HTTP/1.1" 200 882033 "-" "Dart/3.1 (dart:io)"
41.202.219.66 - - [08/Oct/2023:08:40:26 +0200] "GET /uploads/media/courses/Capture1-64cd187cc42db.png HTTP/1.1" 200 30038 "-" "Dart/3.1 (dart:io)"
41.202.219.66 - - [08/Oct/2023:08:40:28 +0200] "GET /uploads/media/courses/moliere-64cd365d45db7.jpg HTTP/1.1" 200 64458 "-" "Dart/3.1 (dart:io)"
41.202.219.66 - - [08/Oct/2023:08:40:28 +0200] "GET /uploads/media/courses/image-3eme1-650771bf00021.png HTTP/1.1" 200 45946 "-" "Dart/3.1 (dart:io)"
41.202.219.66 - - [08/Oct/2023:08:40:28 +0200] "GET /uploads/media/courses/les-armoiries-64d12b24761d3.png HTTP/1.1" 200 207068 "-" "Dart/3.1 (dart:io)"
41.202.219.66 - - [08/Oct/2023:08:40:28 +0200] "GET /uploads/media/courses/Capture-d-ecran-2023-08-06-171906-64cfcbdbb33fc.png HTTP/1.1" 200 232492 "-" "Dart/3.1 (dart:io)"
41.202.219.66 - - [08/Oct/2023:08:40:28 +0200] "GET /uploads/media/courses/interview-64d1293c8096f.png HTTP/1.1" 200 351856 "-" "Dart/3.1 (dart:io)"
41.202.219.66 - - [08/Oct/2023:08:40:28 +0200] "GET /uploads/media/courses/Capture1-64cd31c004b63.png HTTP/1.1" 200 430040 "-" "Dart/3.1 (dart:io)"
41.202.219.66 - - [08/Oct/2023:08:40:33 +0200] "GET /api/student/338/lectures HTTP/1.1" 200 6376 "-" "Dart/3.1 (dart:io)"
41.202.219.66 - - [08/Oct/2023:08:40:33 +0200] "GET /api/student/338/lectures HTTP/1.1" 200 6376 "-" "Dart/3.1 (dart:io)"
41.202.219.66 - - [08/Oct/2023:08:40:34 +0200] "GET /api/student/338/lectures HTTP/1.1" 200 6376 "-" "Dart/3.1 (dart:io)"
41.202.219.66 - - [08/Oct/2023:08:40:37 +0200] "GET /api/student/338/courses HTTP/1.1" 200 9204 "-" "Dart/3.1 (dart:io)"
154.72.171.138 - - [08/Oct/2023:08:41:08 +0200] "POST /register?type=student&invitation=9ZGD9 HTTP/2.0" 200 17892 "https://kulmapeck.com/register?type=student&invitation=9ZGD9" "Mozilla/5.0 (Linux; Android 8.1.0; CPH1803 Build/OPM1.171019.026) AppleWebKit/537.36 (KHTML, like Gecko) Chrome/60.0.3112.116 Mobile Safari/537.36 OPR/44.6.2246.127414"
41.202.219.66 - - [08/Oct/2023:08:41:19 +0200] "GET /register?type=student HTTP/2.0" 200 17680 "-" "Mozilla/5.0 (Linux; Android 12; Infinix X6516 Build/SP1A.210812.001; wv) AppleWebKit/537.36 (KHTML, like Gecko) Version/4.0 Chrome/105.0.5195.136 Mobile Safari/537.36"
154.72.171.138 - - [08/Oct/2023:08:42:41 +0200] "POST /register?type=student&invitation=9ZGD9 HTTP/2.0" 200 17907 "https://kulmapeck.com/register?type=student&invitation=9ZGD9" "Mozilla/5.0 (Linux; Android 8.1.0; CPH1803 Build/OPM1.171019.026) AppleWebKit/537.36 (KHTML, like Gecko) Chrome/60.0.3112.116 Mobile Safari/537.36 OPR/44.6.2246.127414"
154.72.171.138 - - [08/Oct/2023:08:42:47 +0200] "GET /login HTTP/2.0" 200 10104 "https://kulmapeck.com/register?type=student&invitation=9ZGD9" "Mozilla/5.0 (Linux; Android 8.1.0; CPH1803 Build/OPM1.171019.026) AppleWebKit/537.36 (KHTML, like Gecko) Chrome/60.0.3112.116 Mobile Safari/537.36 OPR/44.6.2246.127414"
154.72.171.138 - - [08/Oct/2023:08:42:48 +0200] "GET /assets/images/bg/07.jpg HTTP/2.0" 404 44661 "https://kulmapeck.com/login" "Mozilla/5.0 (Linux; Android 8.1.0; CPH1803 Build/OPM1.171019.026) AppleWebKit/537.36 (KHTML, like Gecko) Chrome/60.0.3112.116 Mobile Safari/537.36 OPR/44.6.2246.127414"
154.72.171.138 - - [08/Oct/2023:08:43:06 +0200] "POST /login HTTP/2.0" 302 644 "https://kulmapeck.com/login" "Mozilla/5.0 (Linux; Android 8.1.0; CPH1803 Build/OPM1.171019.026) AppleWebKit/537.36 (KHTML, like Gecko) Chrome/60.0.3112.116 Mobile Safari/537.36 OPR/44.6.2246.127414"
154.72.171.138 - - [08/Oct/2023:08:43:07 +0200] "GET /home HTTP/2.0" 302 598 "https://kulmapeck.com/login" "Mozilla/5.0 (Linux; Android 8.1.0; CPH1803 Build/OPM1.171019.026) AppleWebKit/537.36 (KHTML, like Gecko) Chrome/60.0.3112.116 Mobile Safari/537.36 OPR/44.6.2246.127414"
154.72.171.138 - - [08/Oct/2023:08:43:07 +0200] "GET /student/home HTTP/2.0" 200 10295 "https://kulmapeck.com/login" "Mozilla/5.0 (Linux; Android 8.1.0; CPH1803 Build/OPM1.171019.026) AppleWebKit/537.36 (KHTML, like Gecko) Chrome/60.0.3112.116 Mobile Safari/537.36 OPR/44.6.2246.127414"
154.72.171.138 - - [08/Oct/2023:08:43:08 +0200] "GET /uploads/images/eleves/ HTTP/2.0" 404 44661 "https://kulmapeck.com/student/home" "Mozilla/5.0 (Linux; Android 8.1.0; CPH1803 Build/OPM1.171019.026) AppleWebKit/537.36 (KHTML, like Gecko) Chrome/60.0.3112.116 Mobile Safari/537.36 OPR/44.6.2246.127414"
154.72.171.138 - - [08/Oct/2023:08:43:08 +0200] "GET /student/assets/images/element/01.svg HTTP/2.0" 404 44661 "https://kulmapeck.com/student/home" "Mozilla/5.0 (Linux; Android 8.1.0; CPH1803 Build/OPM1.171019.026) AppleWebKit/537.36 (KHTML, like Gecko) Chrome/60.0.3112.116 Mobile Safari/537.36 OPR/44.6.2246.127414"
154.72.171.138 - - [08/Oct/2023:08:43:11 +0200] "GET /login HTTP/2.0" 302 558 "https://kulmapeck.com/register?type=student&invitation=9ZGD9" "Mozilla/5.0 (Linux; Android 8.1.0; CPH1803 Build/OPM1.171019.026) AppleWebKit/537.36 (KHTML, like Gecko) Chrome/60.0.3112.116 Mobile Safari/537.36 OPR/44.6.2246.127414"
41.202.219.66 - - [08/Oct/2023:08:43:40 +0200] "POST /register?type=student HTTP/2.0" 302 638 "https://kulmapeck.com/register?type=student" "Mozilla/5.0 (Linux; Android 12; Infinix X6516 Build/SP1A.210812.001; wv) AppleWebKit/537.36 (KHTML, like Gecko) Version/4.0 Chrome/105.0.5195.136 Mobile Safari/537.36"
41.202.219.66 - - [08/Oct/2023:08:43:41 +0200] "GET /registration/success HTTP/2.0" 200 9457 "-" "Mozilla/5.0 (Linux; Android 12; Infinix X6516 Build/SP1A.210812.001; wv) AppleWebKit/537.36 (KHTML, like Gecko) Version/4.0 Chrome/105.0.5195.136 Mobile Safari/537.36"
41.202.219.66 - - [08/Oct/2023:08:43:42 +0200] "GET /registration/assets/images/element/01.svg HTTP/2.0" 404 44661 "https://kulmapeck.com/registration/success" "Mozilla/5.0 (Linux; Android 12; Infinix X6516 Build/SP1A.210812.001; wv) AppleWebKit/537.36 (KHTML, like Gecko) Version/4.0 Chrome/105.0.5195.136 Mobile Safari/537.36"
40.77.167.73 - - [08/Oct/2023:08:43:42 +0200] "GET /courses/1692386089-COURS-DE-LITTERATURE-ETUDE-DE-L-OEUVRE-INTEGRALE/kulmapeck.instagram.com HTTP/2.0" 404 44967 "-" "Mozilla/5.0 AppleWebKit/537.36 (KHTML, like Gecko; compatible; bingbot/2.0; +http://www.bing.com/bingbot.htm) Chrome/103.0.5060.134 Safari/537.36"
154.72.171.138 - - [08/Oct/2023:08:44:10 +0200] "POST /register?type=student&invitation=9ZGD9 HTTP/2.0" 200 19158 "https://kulmapeck.com/register?type=student&invitation=9ZGD9" "Mozilla/5.0 (Linux; Android 8.1.0; CPH1803 Build/OPM1.171019.026) AppleWebKit/537.36 (KHTML, like Gecko) Chrome/60.0.3112.116 Mobile Safari/537.36 OPR/44.6.2246.127414"
41.202.219.66 - - [08/Oct/2023:08:44:12 +0200] "GET /register?type=student HTTP/2.0" 200 17701 "-" "Mozilla/5.0 (Linux; Android 12; Infinix X6516 Build/SP1A.210812.001; wv) AppleWebKit/537.36 (KHTML, like Gecko) Version/4.0 Chrome/105.0.5195.136 Mobile Safari/537.36"
154.72.171.138 - - [08/Oct/2023:08:45:31 +0200] "POST /register?type=student&invitation=9ZGD9 HTTP/2.0" 200 19201 "https://kulmapeck.com/register?type=student&invitation=9ZGD9" "Mozilla/5.0 (Linux; Android 8.1.0; CPH1803 Build/OPM1.171019.026) AppleWebKit/537.36 (KHTML, like Gecko) Chrome/60.0.3112.116 Mobile Safari/537.36 OPR/44.6.2246.127414"
41.202.219.66 - - [08/Oct/2023:08:46:21 +0200] "GET /register?type=student HTTP/2.0" 200 17690 "-" "Mozilla/5.0 (Linux; Android 12; Infinix X6516 Build/SP1A.210812.001; wv) AppleWebKit/537.36 (KHTML, like Gecko) Version/4.0 Chrome/105.0.5195.136 Mobile Safari/537.36"
154.72.171.138 - - [08/Oct/2023:08:47:12 +0200] "POST /register?type=student&invitation=9ZGD9 HTTP/2.0" 200 19195 "https://kulmapeck.com/register?type=student&invitation=9ZGD9" "Mozilla/5.0 (Linux; Android 8.1.0; CPH1803 Build/OPM1.171019.026) AppleWebKit/537.36 (KHTML, like Gecko) Chrome/60.0.3112.116 Mobile Safari/537.36 OPR/44.6.2246.127414"
41.202.219.66 - - [08/Oct/2023:08:48:10 +0200] "POST /register?type=student HTTP/2.0" 200 17878 "https://kulmapeck.com/register?type=student" "Mozilla/5.0 (Linux; Android 12; Infinix X6516 Build/SP1A.210812.001; wv) AppleWebKit/537.36 (KHTML, like Gecko) Version/4.0 Chrome/105.0.5195.136 Mobile Safari/537.36"
154.72.171.138 - - [08/Oct/2023:08:48:24 +0200] "POST /register?type=student&invitation=9ZGD9 HTTP/2.0" 200 19191 "https://kulmapeck.com/register?type=student&invitation=9ZGD9" "Mozilla/5.0 (Linux; Android 8.1.0; CPH1803 Build/OPM1.171019.026) AppleWebKit/537.36 (KHTML, like Gecko) Chrome/60.0.3112.116 Mobile Safari/537.36 OPR/44.6.2246.127414"
154.72.171.138 - - [08/Oct/2023:08:48:50 +0200] "GET / HTTP/2.0" 200 28735 "https://kulmapeck.com/register?type=student&invitation=9ZGD9" "Mozilla/5.0 (Linux; Android 8.1.0; CPH1803 Build/OPM1.171019.026) AppleWebKit/537.36 (KHTML, like Gecko) Chrome/60.0.3112.116 Mobile Safari/537.36 OPR/44.6.2246.127414"
154.72.171.138 - - [08/Oct/2023:08:48:55 +0200] "GET /courses HTTP/2.0" 200 15115 "https://kulmapeck.com/" "Mozilla/5.0 (Linux; Android 8.1.0; CPH1803 Build/OPM1.171019.026) AppleWebKit/537.36 (KHTML, like Gecko) Chrome/60.0.3112.116 Mobile Safari/537.36 OPR/44.6.2246.127414"
154.72.171.138 - - [08/Oct/2023:08:48:56 +0200] "GET /uploads/media/courses/pexels-katerina-holmes-5905923-64df71a4e48c7.jpg HTTP/2.0" 200 53319 "https://kulmapeck.com/courses" "Mozilla/5.0 (Linux; Android 8.1.0; CPH1803 Build/OPM1.171019.026) AppleWebKit/537.36 (KHTML, like Gecko) Chrome/60.0.3112.116 Mobile Safari/537.36 OPR/44.6.2246.127414"
154.72.171.138 - - [08/Oct/2023:08:48:56 +0200] "GET /uploads/media/courses/image-3em-64bfe1254abc2.png HTTP/2.0" 200 112366 "https://kulmapeck.com/courses" "Mozilla/5.0 (Linux; Android 8.1.0; CPH1803 Build/OPM1.171019.026) AppleWebKit/537.36 (KHTML, like Gecko) Chrome/60.0.3112.116 Mobile Safari/537.36 OPR/44.6.2246.127414"
154.72.171.138 - - [08/Oct/2023:08:48:56 +0200] "GET /uploads/media/courses/Desert-64c2799ec7f5f.jpg HTTP/2.0" 200 846128 "https://kulmapeck.com/courses" "Mozilla/5.0 (Linux; Android 8.1.0; CPH1803 Build/OPM1.171019.026) AppleWebKit/537.36 (KHTML, like Gecko) Chrome/60.0.3112.116 Mobile Safari/537.36 OPR/44.6.2246.127414"
154.72.171.138 - - [08/Oct/2023:08:48:56 +0200] "GET /uploads/media/courses/Capture-salle-64c29ff0a99ee.png HTTP/2.0" 200 342830 "https://kulmapeck.com/courses" "Mozilla/5.0 (Linux; Android 8.1.0; CPH1803 Build/OPM1.171019.026) AppleWebKit/537.36 (KHTML, like Gecko) Chrome/60.0.3112.116 Mobile Safari/537.36 OPR/44.6.2246.127414"
154.72.171.138 - - [08/Oct/2023:08:48:56 +0200] "GET /uploads/media/courses/images-64cbe663cc17c.jpg HTTP/2.0" 200 61971 "https://kulmapeck.com/courses" "Mozilla/5.0 (Linux; Android 8.1.0; CPH1803 Build/OPM1.171019.026) AppleWebKit/537.36 (KHTML, like Gecko) Chrome/60.0.3112.116 Mobile Safari/537.36 OPR/44.6.2246.127414"
154.72.171.138 - - [08/Oct/2023:08:48:56 +0200] "GET /uploads/media/courses/images-64ccfcbbb4590.jpg HTTP/2.0" 200 54920 "https://kulmapeck.com/courses" "Mozilla/5.0 (Linux; Android 8.1.0; CPH1803 Build/OPM1.171019.026) AppleWebKit/537.36 (KHTML, like Gecko) Chrome/60.0.3112.116 Mobile Safari/537.36 OPR/44.6.2246.127414"
41.202.219.66 - - [08/Oct/2023:08:49:17 +0200] "POST /register?type=student HTTP/2.0" 200 17881 "https://kulmapeck.com/register?type=student" "Mozilla/5.0 (Linux; Android 12; Infinix X6516 Build/SP1A.210812.001; wv) AppleWebKit/537.36 (KHTML, like Gecko) Version/4.0 Chrome/105.0.5195.136 Mobile Safari/537.36"
154.72.171.138 - - [08/Oct/2023:08:49:45 +0200] "GET / HTTP/2.0" 200 28735 "https://kulmapeck.com/courses" "Mozilla/5.0 (Linux; Android 8.1.0; CPH1803 Build/OPM1.171019.026) AppleWebKit/537.36 (KHTML, like Gecko) Chrome/60.0.3112.116 Mobile Safari/537.36 OPR/44.6.2246.127414"
154.72.171.138 - - [08/Oct/2023:08:49:55 +0200] "GET /register?type=trainer HTTP/2.0" 200 12720 "https://kulmapeck.com/" "Mozilla/5.0 (Linux; Android 8.1.0; CPH1803 Build/OPM1.171019.026) AppleWebKit/537.36 (KHTML, like Gecko) Chrome/60.0.3112.116 Mobile Safari/537.36 OPR/44.6.2246.127414"
154.72.171.138 - - [08/Oct/2023:08:50:23 +0200] "GET /register?type=student HTTP/2.0" 200 18962 "https://kulmapeck.com/" "Mozilla/5.0 (Linux; Android 8.1.0; CPH1803 Build/OPM1.171019.026) AppleWebKit/537.36 (KHTML, like Gecko) Chrome/60.0.3112.116 Mobile Safari/537.36 OPR/44.6.2246.127414"
41.202.219.66 - - [08/Oct/2023:08:51:33 +0200] "GET /student/assets/images/element/01.svg HTTP/2.0" 404 44747 "https://kulmapeck.com/student/payment-list" "Mozilla/5.0 (Linux; Android 12; Infinix X6516) AppleWebKit/537.36 (KHTML, like Gecko) Chrome/105.0.0.0 Mobile Safari/537.36"
41.202.219.66 - - [08/Oct/2023:08:51:33 +0200] "GET /uploads/images/eleves/ HTTP/2.0" 404 44747 "https://kulmapeck.com/student/payment-list" "Mozilla/5.0 (Linux; Android 12; Infinix X6516) AppleWebKit/537.36 (KHTML, like Gecko) Chrome/105.0.0.0 Mobile Safari/537.36"
41.202.219.66 - - [08/Oct/2023:08:51:39 +0200] "GET /uploads/images/eleves/ HTTP/2.0" 404 44661 "https://kulmapeck.com/student/network" "Mozilla/5.0 (Linux; Android 12; Infinix X6516) AppleWebKit/537.36 (KHTML, like Gecko) Chrome/105.0.0.0 Mobile Safari/537.36"
41.202.219.66 - - [08/Oct/2023:08:51:39 +0200] "GET /student/assets/images/element/01.svg HTTP/2.0" 404 44661 "https://kulmapeck.com/student/network" "Mozilla/5.0 (Linux; Android 12; Infinix X6516) AppleWebKit/537.36 (KHTML, like Gecko) Chrome/105.0.0.0 Mobile Safari/537.36"
41.202.219.66 - - [08/Oct/2023:08:51:42 +0200] "GET /login HTTP/2.0" 200 10080 "https://kulmapeck.com/login" "Mozilla/5.0 (Linux; Android 12; Infinix X6516) AppleWebKit/537.36 (KHTML, like Gecko) Chrome/105.0.0.0 Mobile Safari/537.36"
41.202.219.66 - - [08/Oct/2023:08:51:43 +0200] "GET /assets/images/bg/07.jpg HTTP/2.0" 404 44661 "https://kulmapeck.com/login" "Mozilla/5.0 (Linux; Android 12; Infinix X6516) AppleWebKit/537.36 (KHTML, like Gecko) Chrome/105.0.0.0 Mobile Safari/537.36"
41.202.219.66 - - [08/Oct/2023:08:51:49 +0200] "POST /login HTTP/2.0" 302 681 "https://kulmapeck.com/login" "Mozilla/5.0 (Linux; Android 12; Infinix X6516) AppleWebKit/537.36 (KHTML, like Gecko) Chrome/105.0.0.0 Mobile Safari/537.36"
41.202.219.66 - - [08/Oct/2023:08:51:50 +0200] "GET /login HTTP/2.0" 200 10127 "https://kulmapeck.com/login" "Mozilla/5.0 (Linux; Android 12; Infinix X6516) AppleWebKit/537.36 (KHTML, like Gecko) Chrome/105.0.0.0 Mobile Safari/537.36"
41.202.219.66 - - [08/Oct/2023:08:51:51 +0200] "GET /assets/images/bg/07.jpg HTTP/2.0" 404 44661 "https://kulmapeck.com/login" "Mozilla/5.0 (Linux; Android 12; Infinix X6516) AppleWebKit/537.36 (KHTML, like Gecko) Chrome/105.0.0.0 Mobile Safari/537.36"
41.202.219.66 - - [08/Oct/2023:08:52:06 +0200] "POST /login HTTP/2.0" 302 644 "https://kulmapeck.com/login" "Mozilla/5.0 (Linux; Android 12; Infinix X6516) AppleWebKit/537.36 (KHTML, like Gecko) Chrome/105.0.0.0 Mobile Safari/537.36"
41.202.219.66 - - [08/Oct/2023:08:52:06 +0200] "GET /home HTTP/2.0" 302 598 "https://kulmapeck.com/login" "Mozilla/5.0 (Linux; Android 12; Infinix X6516) AppleWebKit/537.36 (KHTML, like Gecko) Chrome/105.0.0.0 Mobile Safari/537.36"
41.202.219.66 - - [08/Oct/2023:08:52:07 +0200] "GET /student/home HTTP/2.0" 200 10973 "https://kulmapeck.com/login" "Mozilla/5.0 (Linux; Android 12; Infinix X6516) AppleWebKit/537.36 (KHTML, like Gecko) Chrome/105.0.0.0 Mobile Safari/537.36"
41.202.219.66 - - [08/Oct/2023:08:52:07 +0200] "GET /uploads/images/eleves/ HTTP/2.0" 404 44661 "https://kulmapeck.com/student/home" "Mozilla/5.0 (Linux; Android 12; Infinix X6516) AppleWebKit/537.36 (KHTML, like Gecko) Chrome/105.0.0.0 Mobile Safari/537.36"
41.202.219.66 - - [08/Oct/2023:08:52:07 +0200] "GET /student/assets/images/element/01.svg HTTP/2.0" 404 44661 "https://kulmapeck.com/student/home" "Mozilla/5.0 (Linux; Android 12; Infinix X6516) AppleWebKit/537.36 (KHTML, like Gecko) Chrome/105.0.0.0 Mobile Safari/537.36"
41.202.219.66 - - [08/Oct/2023:08:52:24 +0200] "GET / HTTP/2.0" 200 28731 "https://kulmapeck.com/student/home" "Mozilla/5.0 (Linux; Android 12; Infinix X6516) AppleWebKit/537.36 (KHTML, like Gecko) Chrome/105.0.0.0 Mobile Safari/537.36"
